.
./share
./share/locale
./share/locale/de
./share/locale/de/LC_MESSAGES
./share/locale/de/LC_MESSAGES/vice.mo
./share/locale/fr
./share/locale/fr/LC_MESSAGES
./share/locale/fr/LC_MESSAGES/vice.mo
./share/locale/it
./share/locale/it/LC_MESSAGES
./share/locale/it/LC_MESSAGES/vice.mo
./share/locale/sv
./share/locale/sv/LC_MESSAGES
./share/locale/sv/LC_MESSAGES/vice.mo
./share/locale/pl
./share/locale/pl/LC_MESSAGES
./share/locale/pl/LC_MESSAGES/vice.mo
./share/locale/nl
./share/locale/nl/LC_MESSAGES
./share/locale/nl/LC_MESSAGES/vice.mo
./share/locale/hu
./share/locale/hu/LC_MESSAGES
./share/locale/hu/LC_MESSAGES/vice.mo
./share/locale/tr
./share/locale/tr/LC_MESSAGES
./share/locale/tr/LC_MESSAGES/vice.mo
./share/locale/da
./share/locale/da/LC_MESSAGES
./share/locale/da/LC_MESSAGES/vice.mo
./share/man
./share/man/man1
./share/man/man1/c1541.1
./share/man/man1/petcat.1
./share/man/man1/vice.1
./share/info
./share/info/vice.info
./share/info/dir
./share/info/dir.old
./bin
./bin/vsid
./bin/x64
./bin/x128
./bin/x64dtv
./bin/xvic
./bin/xpet
./bin/xplus4
./bin/xcbm2
./bin/c1541
./bin/petcat
./bin/cartconv
./lib
./lib/vice
./lib/vice/C64
./lib/vice/C64/basic
./lib/vice/C64/chargen
./lib/vice/C64/kernal
./lib/vice/C64/default.vrs
./lib/vice/C64/c64hq.vpl
./lib/vice/C64/c64s.vpl
./lib/vice/C64/ccs64.vpl
./lib/vice/C64/default.vpl
./lib/vice/C64/frodo.vpl
./lib/vice/C64/godot.vpl
./lib/vice/C64/pc64.vpl
./lib/vice/C64/vice.vpl
./lib/vice/C64/x11_sym.vkm
./lib/vice/C64/x11_pos.vkm
./lib/vice/C64/x11_posger.vkm
./lib/vice/C64/x11_symger.vkm
./lib/vice/C64/c64mem.sym
./lib/vice/C64DTV
./lib/vice/C64DTV/basic
./lib/vice/C64DTV/chargen
./lib/vice/C64DTV/kernal
./lib/vice/C64DTV/dtvrom.bin
./lib/vice/C64DTV/default.vrs
./lib/vice/C64DTV/x11_sym.vkm
./lib/vice/C64DTV/x11_pos.vkm
./lib/vice/C64DTV/c64mem.sym
./lib/vice/C128
./lib/vice/C128/basic64
./lib/vice/C128/basichi
./lib/vice/C128/basiclo
./lib/vice/C128/chargde
./lib/vice/C128/chargen
./lib/vice/C128/chargfr
./lib/vice/C128/chargse
./lib/vice/C128/kernal
./lib/vice/C128/kernal64
./lib/vice/C128/kernalde
./lib/vice/C128/kernalfi
./lib/vice/C128/kernalfr
./lib/vice/C128/kernalit
./lib/vice/C128/kernalno
./lib/vice/C128/kernalse
./lib/vice/C128/default.vrs
./lib/vice/C128/c64hq.vpl
./lib/vice/C128/c64s.vpl
./lib/vice/C128/ccs64.vpl
./lib/vice/C128/default.vpl
./lib/vice/C128/frodo.vpl
./lib/vice/C128/godot.vpl
./lib/vice/C128/pc64.vpl
./lib/vice/C128/vdc_deft.vpl
./lib/vice/C128/vdc_comp.vpl
./lib/vice/C128/vice.vpl
./lib/vice/C128/x11_sym.vkm
./lib/vice/C128/x11_pos.vkm
./lib/vice/VIC20
./lib/vice/VIC20/basic
./lib/vice/VIC20/chargen
./lib/vice/VIC20/kernal
./lib/vice/VIC20/default.vrs
./lib/vice/VIC20/default.vpl
./lib/vice/VIC20/x11_pos.vkm
./lib/vice/VIC20/x11_sym.vkm
./lib/vice/PET
./lib/vice/PET/basic1
./lib/vice/PET/basic2
./lib/vice/PET/basic4
./lib/vice/PET/kernal1
./lib/vice/PET/kernal2
./lib/vice/PET/kernal4
./lib/vice/PET/edit1g
./lib/vice/PET/edit2g
./lib/vice/PET/edit2b
./lib/vice/PET/edit4g40
./lib/vice/PET/edit4b40
./lib/vice/PET/edit4b80
./lib/vice/PET/chargen
./lib/vice/PET/chargen.de
./lib/vice/PET/rom1g.vrs
./lib/vice/PET/rom2b.vrs
./lib/vice/PET/rom2g.vrs
./lib/vice/PET/rom4b40.vrs
./lib/vice/PET/rom4b80.vrs
./lib/vice/PET/rom4g40.vrs
./lib/vice/PET/amber.vpl
./lib/vice/PET/green.vpl
./lib/vice/PET/white.vpl
./lib/vice/PET/x11_bdep.vkm
./lib/vice/PET/x11_bdes.vkm
./lib/vice/PET/x11_bgrs.vkm
./lib/vice/PET/x11_buks.vkm
./lib/vice/PLUS4
./lib/vice/PLUS4/3plus1hi
./lib/vice/PLUS4/3plus1lo
./lib/vice/PLUS4/basic
./lib/vice/PLUS4/kernal
./lib/vice/PLUS4/default.vrs
./lib/vice/PLUS4/default.vpl
./lib/vice/PLUS4/vice.vpl
./lib/vice/PLUS4/x11_pos.vkm
./lib/vice/PLUS4/x11_sym.vkm
./lib/vice/CBM-II
./lib/vice/CBM-II/basic.128
./lib/vice/CBM-II/basic.256
./lib/vice/CBM-II/basic.500
./lib/vice/CBM-II/chargen.500
./lib/vice/CBM-II/chargen.600
./lib/vice/CBM-II/chargen.700
./lib/vice/CBM-II/kernal
./lib/vice/CBM-II/kernal.500
./lib/vice/CBM-II/rom500.vrs
./lib/vice/CBM-II/rom128l.vrs
./lib/vice/CBM-II/rom128h.vrs
./lib/vice/CBM-II/rom256l.vrs
./lib/vice/CBM-II/rom256h.vrs
./lib/vice/CBM-II/amber.vpl
./lib/vice/CBM-II/c64hq.vpl
./lib/vice/CBM-II/c64s.vpl
./lib/vice/CBM-II/ccs64.vpl
./lib/vice/CBM-II/default.vpl
./lib/vice/CBM-II/frodo.vpl
./lib/vice/CBM-II/godot.vpl
./lib/vice/CBM-II/green.vpl
./lib/vice/CBM-II/pc64.vpl
./lib/vice/CBM-II/white.vpl
./lib/vice/CBM-II/x11_buks.vkm
./lib/vice/DRIVES
./lib/vice/DRIVES/dos1541
./lib/vice/DRIVES/dos1551
./lib/vice/DRIVES/d1541II
./lib/vice/DRIVES/dos1570
./lib/vice/DRIVES/dos1571
./lib/vice/DRIVES/d1571cr
./lib/vice/DRIVES/dos1581
./lib/vice/DRIVES/dos2031
./lib/vice/DRIVES/dos1001
./lib/vice/DRIVES/dos2040
./lib/vice/DRIVES/dos3040
./lib/vice/DRIVES/dos4040
./lib/vice/PRINTER
./lib/vice/PRINTER/cbm1526
./lib/vice/PRINTER/mps801
./lib/vice/PRINTER/mps803
./lib/vice/PRINTER/mps803.vpl
./lib/vice/PRINTER/nl10-cbm
./lib/vice/fonts
./lib/vice/fonts/vice-cbm.bdf
./lib/vice/fonts/CBM.ttf
./lib/vice/doc
./lib/vice/doc/amigaos.html
./lib/vice/doc/beos.html
./lib/vice/doc/CommodoreInnovationPriceSoftware2008.jpg
./lib/vice/doc/new.gif
./lib/vice/doc/vice-logo.jpg
./lib/vice/doc/index.html
./lib/vice/doc/macosx.html
./lib/vice/doc/64doc.txt
./lib/vice/doc/BUGS
./lib/vice/doc/COPYING
./lib/vice/doc/NEWS
./lib/vice/doc/PETdoc.txt
./lib/vice/doc/TODO
./lib/vice/doc/Walkthrough-Howto.txt
./lib/vice/doc/cbm_basic_tokens.txt
./lib/vice/doc/drive_info.txt
./lib/vice/doc/serial.txt
./lib/vice/doc/qnx.html
./lib/vice/doc/sco.html
./lib/vice/doc/solaris.html
./lib/vice/doc/vice_1.html
./lib/vice/doc/vice_2.html
./lib/vice/doc/vice_3.html
./lib/vice/doc/vice_4.html
./lib/vice/doc/vice_5.html
./lib/vice/doc/vice_6.html
./lib/vice/doc/vice_7.html
./lib/vice/doc/vice_8.html
./lib/vice/doc/vice_9.html
./lib/vice/doc/vice_10.html
./lib/vice/doc/vice_11.html
./lib/vice/doc/vice_12.html
./lib/vice/doc/vice_13.html
./lib/vice/doc/vice_14.html
./lib/vice/doc/vice_15.html
./lib/vice/doc/vice_16.html
./lib/vice/doc/vice_toc.html
./lib/vice/doc/MacOSX-Build.txt
./lib/vice/doc/MacOSX-ResourceTree.txt
./lib/vice/doc/Minix-Howto.txt
./lib/vice/doc/MSDOS-Ethernet-Howto.txt
./lib/vice/doc/MSDOS-Howto.txt
./lib/vice/doc/NLS-Howto.txt
./lib/vice/doc/Readme.beos
./lib/vice/doc/Readme.dos
./lib/vice/doc/ReadmeMacOSX.txt
./lib/vice/doc/ReadmeSDL.txt
./lib/vice/doc/Win32-Cygwin-HOWTO.txt
./lib/vice/doc/Win32-Howto.txt
./lib/vice/doc/OpenVMS-Howto.txt
./lib/vice/doc/cartconv.txt
./lib/vice/doc/iec-bus.txt
./lib/vice/doc/mon.txt
./lib/vice/doc/openGLsync-howto.txt
./lib/vice/doc/GP2X-Howto.txt
./lib/vice/doc/coding-guidelines.txt
./roms
./roms/1942.d64
./roms/giana_sisters.d64
./roms/bubble_bobble.d64
./mar
./start.sh
./fly
./cab
./snap
./empty.cursor
./vice.log
./config
./config/bubble_bobble.vicerc
./config/default.vicerc
./config/giana_sisters.vicerc
./config/default.xmodmap
./config/giana_sisters.xmodmap
./config/1942.xmodmap
